   Compiling proc-macro2 v1.0.107
   Compiling unicode-ident v1.0.26
   Compiling quote v1.0.47
   Compiling libc v0.2.190
    Checking cfg-if v1.0.5
   Compiling serde_core v1.0.229
   Compiling zerocopy v0.8.59
   Compiling crossbeam-utils v0.8.23
   Compiling serde v1.0.229
   Compiling crossbeam-epoch v0.9.21
   Compiling crossbeam-deque v0.8.8
    Checking rand_core v0.10.1
    Checking once_cell v1.21.4
    Checking either v1.18.0
   Compiling rayon-core v1.13.0 (/home/lyk/code/tokenizers-local-validation/simplification-20261006/baseline/vendor/rayon-core)
   Compiling version_check v0.9.5
   Compiling getrandom v0.3.4
   Compiling getrandom v0.4.3
   Compiling radium v0.7.0
    Checking memchr v2.8.3
   Compiling rustix v1.1.5
    Checking equivalent v1.0.2
    Checking bitflags v2.13.2
    Checking tap v1.0.1
   Compiling find-msvc-tools v0.1.14
    Checking cpufeatures v0.3.1
   Compiling zmij v1.0.23
   Compiling thiserror v2.0.21
   Compiling portable-atomic v1.15.0
    Checking linux-raw-sys v0.12.1
    Checking foldhash v0.2.0
   Compiling rustversion v1.0.23
    Checking allocator-api2 v0.2.21
   Compiling ahash v0.8.12
   Compiling shlex v2.0.1
    Checking wyz v0.5.1
    Checking chacha20 v0.10.2
   Compiling cc v1.6.0
    Checking minimal-lexical v0.2.1
    Checking fastrand v2.5.0
    Checking byteorder v1.5.0
    Checking partition v0.1.2
    Checking arbitrary-chunks v0.4.1
    Checking hashbrown v0.16.1
   Compiling serde_json v1.0.151
    Checking funty v2.0.0
    Checking itoa v1.0.18
    Checking unicode-width v0.2.2
    Checking bytemuck v1.25.2
   Compiling paste v1.0.15
    Checking nom v7.1.3
    Checking fxhash v0.2.1
    Checking safe_arch v1.2.0
    Checking itertools v0.15.0
   Compiling syn v3.0.6
   Compiling syn v2.0.119
    Checking bitvec v1.1.1
    Checking itertools v0.14.0
    Checking unicode-segmentation v1.13.3
    Checking log v0.4.34
    Checking smallvec v1.16.2
    Checking colored v3.1.1
    Checking unit-prefix v0.5.2
    Checking rayon v1.12.0
    Checking prefetch-index v0.2.1
    Checking base64 v0.13.1
    Checking tinyvec v1.13.3
    Checking xxhash-rust v0.8.19
    Checking unicode-normalization-alignments v0.1.12
    Checking castaway v0.2.4
    Checking console v0.16.6
    Checking wide v1.7.1
    Checking rand v0.10.3
    Checking unicode-normalization v0.1.25
    Checking indicatif v0.18.6
    Checking ryu v1.0.23
    Checking static_assertions v1.1.0
    Checking yada v0.7.0
    Checking unicode_categories v0.1.1
    Checking tempfile v3.27.0
    Checking hashbrown v0.17.1
    Checking bumpalo v3.20.3
   Compiling esaxx-rs v0.1.10
    Checking indexmap v2.14.0
   Compiling serde_derive v1.0.229
   Compiling thiserror-impl v2.0.21
   Compiling mem_dbg-derive v0.3.4
    Checking rdst v0.20.14
    Checking rayon-cond v0.4.0
    Checking mem_dbg v0.4.4
    Checking ppv-lite86 v0.2.21
    Checking rand_chacha v0.10.0
    Checking ptr_hash v2.1.2
    Checking spm_precompiled v0.1.4
    Checking dary_heap v0.3.9
    Checking compact_str v0.9.1
    Checking bitcannon v0.1.0-dev.0 (/home/lyk/code/tokenizers-local-validation/simplification-20261006/baseline/tokenizers/bitcannon)
    Checking tk-collections v0.1.0-dev.0 (/home/lyk/code/tokenizers-local-validation/simplification-20261006/baseline/tokenizers/tk-collections)
    Checking tk-convert v0.1.0-dev.0 (/home/lyk/code/tokenizers-local-validation/simplification-20261006/baseline/tokenizers/tk-convert)
    Checking tk-encode v0.1.0-dev.0 (/home/lyk/code/tokenizers-local-validation/simplification-20261006/baseline/tokenizers/tk-encode)
    Checking tk-train v0.1.0-dev.0 (/home/lyk/code/tokenizers-local-validation/simplification-20261006/baseline/tokenizers/tk-train)
error[E0432]: unresolved import `super::BPE`
 --> src/trainers/bpe/parity_trainer.rs:1:13
  |
1 | use super::{BPE, Pair, WithFirstLastIterator, Word};
  |             ^^^ no `BPE` in `trainers::bpe`
  |
  = help: consider importing this variant instead:
          crate::ModelWrapper::BPE

For more information about this error, try `rustc --explain E0432`.
error: could not compile `tk-train` (lib) due to 1 previous error
